
> crm-sos@1.0.0 build
> next build

  ▲ Next.js 14.2.35
  - Environments: .env

   Creating an optimized production build ...
 ⚠ Mismatching @next/swc version, detected: 14.2.35 while Next.js is on 14.2.33. Please ensure these match
   Using tsconfig file: ./tsconfig.json
 ⚠ Found lockfile missing swc dependencies, patching...
 ⨯ Failed to patch lockfile, please try uninstalling and reinstalling next in this workspace
TypeError: fetch failed
    at node:internal/deps/undici/undici:14902:13
    at process.processTicksAndRejections (node:internal/process/task_queues:105:5)
    at async fetchPkgInfo (/sessions/practical-lucid-wright/mnt/Desktop/crm-sos/node_modules/next/dist/lib/patch-incorrect-lockfile.js:66:17)
    at async Promise.all (index 0)
    at async patchIncorrectLockfile (/sessions/practical-lucid-wright/mnt/Desktop/crm-sos/node_modules/next/dist/lib/patch-incorrect-lockfile.js:162:26) {
  [cause]: Error: getaddrinfo EAI_AGAIN registry.npmjs.org
      at GetAddrInfoReqWrap.onlookupall [as oncomplete] (node:dns:122:26) {
    errno: -3001,
    code: 'EAI_AGAIN',
    syscall: 'getaddrinfo',
    hostname: 'registry.npmjs.org'
  }
}
Failed to compile.

./node_modules/next/dist/pages/_app.js
TypeError: bindings.transform is not a function
    at Object.transform (/sessions/practical-lucid-wright/mnt/Desktop/crm-sos/node_modules/next/dist/build/swc/index.js:808:33)
    at transform (/sessions/practical-lucid-wright/mnt/Desktop/crm-sos/node_modules/next/dist/build/swc/index.js:894:21)
    at async Span.traceAsyncFn (/sessions/practical-lucid-wright/mnt/Desktop/crm-sos/node_modules/next/dist/trace/trace.js:154:20)
    at async Span.traceAsyncFn (/sessions/practical-lucid-wright/mnt/Desktop/crm-sos/node_modules/next/dist/trace/trace.js:154:20)

./node_modules/next/dist/pages/_document.js
TypeError: bindings.transform is not a function
    at Object.transform (/sessions/practical-lucid-wright/mnt/Desktop/crm-sos/node_modules/next/dist/build/swc/index.js:808:33)
    at transform (/sessions/practical-lucid-wright/mnt/Desktop/crm-sos/node_modules/next/dist/build/swc/index.js:894:21)
    at async Span.traceAsyncFn (/sessions/practical-lucid-wright/mnt/Desktop/crm-sos/node_modules/next/dist/trace/trace.js:154:20)
    at async Span.traceAsyncFn (/sessions/practical-lucid-wright/mnt/Desktop/crm-sos/node_modules/next/dist/trace/trace.js:154:20)

./node_modules/next/dist/pages/_error.js
TypeError: bindings.transform is not a function
    at Object.transform (/sessions/practical-lucid-wright/mnt/Desktop/crm-sos/node_modules/next/dist/build/swc/index.js:808:33)
    at transform (/sessions/practical-lucid-wright/mnt/Desktop/crm-sos/node_modules/next/dist/build/swc/index.js:894:21)
    at runNextTicks (node:internal/process/task_queues:65:5)
    at process.processImmediate (node:internal/timers:453:9)
    at async Span.traceAsyncFn (/sessions/practical-lucid-wright/mnt/Desktop/crm-sos/node_modules/next/dist/trace/trace.js:154:20)
    at async Span.traceAsyncFn (/sessions/practical-lucid-wright/mnt/Desktop/crm-sos/node_modules/next/dist/trace/trace.js:154:20)

Import trace for requested module:
./node_modules/next/dist/pages/_error.js

./node_modules/next/dist/client/components/app-router.js
TypeError: bindings.transform is not a function
    at Object.transform (/sessions/practical-lucid-wright/mnt/Desktop/crm-sos/node_modules/next/dist/build/swc/index.js:808:33)
    at transform (/sessions/practical-lucid-wright/mnt/Desktop/crm-sos/node_modules/next/dist/build/swc/index.js:894:21)
    at runNextTicks (node:internal/process/task_queues:65:5)
    at process.processImmediate (node:internal/timers:453:9)
    at async Span.traceAsyncFn (/sessions/practical-lucid-wright/mnt/Desktop/crm-sos/node_modules/next/dist/trace/trace.js:154:20)
    at async Span.traceAsyncFn (/sessions/practical-lucid-wright/mnt/Desktop/crm-sos/node_modules/next/dist/trace/trace.js:154:20)

Import trace for requested module:
./node_modules/next/dist/client/components/app-router.js
./node_modules/next/dist/server/app-render/entry-base.js

./node_modules/next/dist/client/components/client-page.js
TypeError: bindings.transform is not a function
    at Object.transform (/sessions/practical-lucid-wright/mnt/Desktop/crm-sos/node_modules/next/dist/build/swc/index.js:808:33)
    at transform (/sessions/practical-lucid-wright/mnt/Desktop/crm-sos/node_modules/next/dist/build/swc/index.js:894:21)
    at runNextTicks (node:internal/process/task_queues:65:5)
    at process.processImmediate (node:internal/timers:453:9)
    at async Span.traceAsyncFn (/sessions/practical-lucid-wright/mnt/Desktop/crm-sos/node_modules/next/dist/trace/trace.js:154:20)
    at async Span.traceAsyncFn (/sessions/practical-lucid-wright/mnt/Desktop/crm-sos/node_modules/next/dist/trace/trace.js:154:20)

Import trace for requested module:
./node_modules/next/dist/client/components/client-page.js
./node_modules/next/dist/server/app-render/entry-base.js


> Build failed because of webpack errors
